// Vitest Snapshot v1, https://vitest.dev/guide/snapshot.html

exports[`TotalBalance > should render correctly 1`] = `
<Provider
  store={
    {
      "@@observable": [Function],
      "dispatch": [Function],
      "getState": [Function],
      "replaceReducer": [Function],
      "subscribe": [Function],
    }
  }
>
  <TotalBalance />
</Provider>
`;
